Classic Timing Analyzer report for kurswork
Wed May 06 14:18:38 2026
Quartus II Version 9.1 Build 222 10/21/2009 SJ Web Edition


---------------------
; Table of Contents ;
---------------------
  1. Legal Notice
  2. Timing Analyzer Summary
  3. Timing Analyzer Settings
  4. Clock Settings Summary
  5. Parallel Compilation
  6. tsu
  7. tco
  8. th
  9. Timing Analyzer Messages



----------------
; Legal Notice ;
----------------
Copyright (C) 1991-2009 Altera Corporation
Your use of Altera Corporation's design tools, logic functions 
and other software and tools, and its AMPP partner logic 
functions, and any output files from any of the foregoing 
(including device programming or simulation files), and any 
associated documentation or information are expressly subject 
to the terms and conditions of the Altera Program License 
Subscription Agreement, Altera MegaCore Function License 
Agreement, or other applicable license agreement, including, 
without limitation, that your use is for the sole purpose of 
programming logic devices manufactured by Altera and sold by 
Altera or its authorized distributors.  Please refer to the 
applicable agreement for further details.



+------------------------------------------------------------------------------------------------------------------------------------------------------------------------------------------------------------+
; Timing Analyzer Summary                                                                                                                                                                                    ;
+------------------------------+-------+---------------+-------------+-----------------------------------------------+------------------------------------------------+------------+----------+--------------+
; Type                         ; Slack ; Required Time ; Actual Time ; From                                          ; To                                             ; From Clock ; To Clock ; Failed Paths ;
+------------------------------+-------+---------------+-------------+-----------------------------------------------+------------------------------------------------+------------+----------+--------------+
; Worst-case tsu               ; N/A   ; None          ; 4.366 ns    ; WriteEn                                       ; lpm_dff3:inst4|lpm_ff:lpm_ff_component|dffs[0] ; --         ; clk      ; 0            ;
; Worst-case tco               ; N/A   ; None          ; 7.879 ns    ; lpm_dff2:inst|lpm_ff:lpm_ff_component|dffs[2] ; Tag_out[2]                                     ; clk        ; --       ; 0            ;
; Worst-case th                ; N/A   ; None          ; -1.808 ns   ; Data_in[3][2]                                 ; lpm_dff3:inst4|lpm_ff:lpm_ff_component|dffs[2] ; --         ; clk      ; 0            ;
; Total number of failed paths ;       ;               ;             ;                                               ;                                                ;            ;          ; 0            ;
+------------------------------+-------+---------------+-------------+-----------------------------------------------+------------------------------------------------+------------+----------+--------------+


+-----------------------------------------------------------------------------------------------------------------------------------------------------+
; Timing Analyzer Settings                                                                                                                            ;
+------------------------------------------------------------------------------------------------------+--------------------+------+----+-------------+
; Option                                                                                               ; Setting            ; From ; To ; Entity Name ;
+------------------------------------------------------------------------------------------------------+--------------------+------+----+-------------+
; Device Name                                                                                          ; EP2S15F484C3       ;      ;    ;             ;
; Timing Models                                                                                        ; Final              ;      ;    ;             ;
; Default hold multicycle                                                                              ; Same as Multicycle ;      ;    ;             ;
; Cut paths between unrelated clock domains                                                            ; On                 ;      ;    ;             ;
; Cut off read during write signal paths                                                               ; On                 ;      ;    ;             ;
; Cut off feedback from I/O pins                                                                       ; On                 ;      ;    ;             ;
; Report Combined Fast/Slow Timing                                                                     ; Off                ;      ;    ;             ;
; Ignore Clock Settings                                                                                ; Off                ;      ;    ;             ;
; Analyze latches as synchronous elements                                                              ; On                 ;      ;    ;             ;
; Enable Recovery/Removal analysis                                                                     ; Off                ;      ;    ;             ;
; Enable Clock Latency                                                                                 ; Off                ;      ;    ;             ;
; Use TimeQuest Timing Analyzer                                                                        ; Off                ;      ;    ;             ;
; Number of source nodes to report per destination node                                                ; 10                 ;      ;    ;             ;
; Number of destination nodes to report                                                                ; 10                 ;      ;    ;             ;
; Number of paths to report                                                                            ; 200                ;      ;    ;             ;
; Report Minimum Timing Checks                                                                         ; Off                ;      ;    ;             ;
; Use Fast Timing Models                                                                               ; Off                ;      ;    ;             ;
; Report IO Paths Separately                                                                           ; Off                ;      ;    ;             ;
; Perform Multicorner Analysis                                                                         ; On                 ;      ;    ;             ;
; Reports the worst-case path for each clock domain and analysis                                       ; Off                ;      ;    ;             ;
; Reports worst-case timing paths for each clock domain and analysis                                   ; Off                ;      ;    ;             ;
; Specifies the maximum number of worst-case timing paths to report for each clock domain and analysis ; 100                ;      ;    ;             ;
; Removes common clock path pessimism (CCPP) during slack computation                                  ; Off                ;      ;    ;             ;
; Output I/O Timing Endpoint                                                                           ; Near End           ;      ;    ;             ;
+------------------------------------------------------------------------------------------------------+--------------------+------+----+-------------+


+------------------------------------------------------------------------------------------------------------------------------------------------------------------------------------+
; Clock Settings Summary                                                                                                                                                             ;
+-----------------+--------------------+----------+------------------+---------------+--------------+----------+-----------------------+---------------------+--------+--------------+
; Clock Node Name ; Clock Setting Name ; Type     ; Fmax Requirement ; Early Latency ; Late Latency ; Based on ; Multiply Base Fmax by ; Divide Base Fmax by ; Offset ; Phase offset ;
+-----------------+--------------------+----------+------------------+---------------+--------------+----------+-----------------------+---------------------+--------+--------------+
; clk             ;                    ; User Pin ; None             ; 0.000 ns      ; 0.000 ns     ; --       ; N/A                   ; N/A                 ; N/A    ;              ;
+-----------------+--------------------+----------+------------------+---------------+--------------+----------+-----------------------+---------------------+--------+--------------+


Parallel compilation was disabled, but you have multiple processors available. Enable parallel compilation to reduce compilation time.
+-------------------------------------+
; Parallel Compilation                ;
+----------------------------+--------+
; Processors                 ; Number ;
+----------------------------+--------+
; Number detected on machine ; 16     ;
; Maximum allowed            ; 1      ;
+----------------------------+--------+


+-----------------------------------------------------------------------------------------------------------------+
; tsu                                                                                                             ;
+-------+--------------+------------+----------------+-------------------------------------------------+----------+
; Slack ; Required tsu ; Actual tsu ; From           ; To                                              ; To Clock ;
+-------+--------------+------------+----------------+-------------------------------------------------+----------+
; N/A   ; None         ; 4.366 ns   ; WriteEn        ; lpm_dff3:inst4|lpm_ff:lpm_ff_component|dffs[12] ; clk      ;
; N/A   ; None         ; 4.366 ns   ; WriteEn        ; lpm_dff3:inst4|lpm_ff:lpm_ff_component|dffs[11] ; clk      ;
; N/A   ; None         ; 4.366 ns   ; WriteEn        ; lpm_dff3:inst4|lpm_ff:lpm_ff_component|dffs[10] ; clk      ;
; N/A   ; None         ; 4.366 ns   ; WriteEn        ; lpm_dff3:inst4|lpm_ff:lpm_ff_component|dffs[9]  ; clk      ;
; N/A   ; None         ; 4.366 ns   ; WriteEn        ; lpm_dff3:inst4|lpm_ff:lpm_ff_component|dffs[8]  ; clk      ;
; N/A   ; None         ; 4.366 ns   ; WriteEn        ; lpm_dff3:inst4|lpm_ff:lpm_ff_component|dffs[7]  ; clk      ;
; N/A   ; None         ; 4.366 ns   ; WriteEn        ; lpm_dff3:inst4|lpm_ff:lpm_ff_component|dffs[6]  ; clk      ;
; N/A   ; None         ; 4.366 ns   ; WriteEn        ; lpm_dff3:inst4|lpm_ff:lpm_ff_component|dffs[5]  ; clk      ;
; N/A   ; None         ; 4.366 ns   ; WriteEn        ; lpm_dff3:inst4|lpm_ff:lpm_ff_component|dffs[4]  ; clk      ;
; N/A   ; None         ; 4.366 ns   ; WriteEn        ; lpm_dff3:inst4|lpm_ff:lpm_ff_component|dffs[3]  ; clk      ;
; N/A   ; None         ; 4.366 ns   ; WriteEn        ; lpm_dff3:inst4|lpm_ff:lpm_ff_component|dffs[2]  ; clk      ;
; N/A   ; None         ; 4.366 ns   ; WriteEn        ; lpm_dff3:inst4|lpm_ff:lpm_ff_component|dffs[1]  ; clk      ;
; N/A   ; None         ; 4.366 ns   ; WriteEn        ; lpm_dff3:inst4|lpm_ff:lpm_ff_component|dffs[0]  ; clk      ;
; N/A   ; None         ; 4.097 ns   ; WriteEn        ; lpm_dff3:inst1|lpm_ff:lpm_ff_component|dffs[12] ; clk      ;
; N/A   ; None         ; 4.097 ns   ; WriteEn        ; lpm_dff3:inst1|lpm_ff:lpm_ff_component|dffs[11] ; clk      ;
; N/A   ; None         ; 4.097 ns   ; WriteEn        ; lpm_dff3:inst1|lpm_ff:lpm_ff_component|dffs[10] ; clk      ;
; N/A   ; None         ; 4.097 ns   ; WriteEn        ; lpm_dff3:inst1|lpm_ff:lpm_ff_component|dffs[9]  ; clk      ;
; N/A   ; None         ; 4.097 ns   ; WriteEn        ; lpm_dff3:inst1|lpm_ff:lpm_ff_component|dffs[8]  ; clk      ;
; N/A   ; None         ; 4.097 ns   ; WriteEn        ; lpm_dff3:inst1|lpm_ff:lpm_ff_component|dffs[7]  ; clk      ;
; N/A   ; None         ; 4.097 ns   ; WriteEn        ; lpm_dff3:inst1|lpm_ff:lpm_ff_component|dffs[6]  ; clk      ;
; N/A   ; None         ; 4.097 ns   ; WriteEn        ; lpm_dff3:inst1|lpm_ff:lpm_ff_component|dffs[5]  ; clk      ;
; N/A   ; None         ; 4.097 ns   ; WriteEn        ; lpm_dff3:inst1|lpm_ff:lpm_ff_component|dffs[4]  ; clk      ;
; N/A   ; None         ; 4.097 ns   ; WriteEn        ; lpm_dff3:inst1|lpm_ff:lpm_ff_component|dffs[3]  ; clk      ;
; N/A   ; None         ; 4.097 ns   ; WriteEn        ; lpm_dff3:inst1|lpm_ff:lpm_ff_component|dffs[2]  ; clk      ;
; N/A   ; None         ; 4.097 ns   ; WriteEn        ; lpm_dff3:inst1|lpm_ff:lpm_ff_component|dffs[1]  ; clk      ;
; N/A   ; None         ; 4.097 ns   ; WriteEn        ; lpm_dff3:inst1|lpm_ff:lpm_ff_component|dffs[0]  ; clk      ;
; N/A   ; None         ; 3.294 ns   ; LRU_in[2]      ; lpm_dff2:inst|lpm_ff:lpm_ff_component|dffs[7]   ; clk      ;
; N/A   ; None         ; 3.199 ns   ; WriteEn        ; lpm_dff2:inst|lpm_ff:lpm_ff_component|dffs[10]  ; clk      ;
; N/A   ; None         ; 3.199 ns   ; WriteEn        ; lpm_dff2:inst|lpm_ff:lpm_ff_component|dffs[9]   ; clk      ;
; N/A   ; None         ; 3.199 ns   ; WriteEn        ; lpm_dff2:inst|lpm_ff:lpm_ff_component|dffs[8]   ; clk      ;
; N/A   ; None         ; 3.199 ns   ; WriteEn        ; lpm_dff2:inst|lpm_ff:lpm_ff_component|dffs[7]   ; clk      ;
; N/A   ; None         ; 3.199 ns   ; WriteEn        ; lpm_dff2:inst|lpm_ff:lpm_ff_component|dffs[6]   ; clk      ;
; N/A   ; None         ; 3.199 ns   ; WriteEn        ; lpm_dff2:inst|lpm_ff:lpm_ff_component|dffs[5]   ; clk      ;
; N/A   ; None         ; 3.199 ns   ; WriteEn        ; lpm_dff2:inst|lpm_ff:lpm_ff_component|dffs[4]   ; clk      ;
; N/A   ; None         ; 3.199 ns   ; WriteEn        ; lpm_dff2:inst|lpm_ff:lpm_ff_component|dffs[3]   ; clk      ;
; N/A   ; None         ; 3.199 ns   ; WriteEn        ; lpm_dff2:inst|lpm_ff:lpm_ff_component|dffs[2]   ; clk      ;
; N/A   ; None         ; 3.199 ns   ; WriteEn        ; lpm_dff2:inst|lpm_ff:lpm_ff_component|dffs[1]   ; clk      ;
; N/A   ; None         ; 3.199 ns   ; WriteEn        ; lpm_dff2:inst|lpm_ff:lpm_ff_component|dffs[0]   ; clk      ;
; N/A   ; None         ; 3.166 ns   ; WriteEn        ; lpm_dff3:inst3|lpm_ff:lpm_ff_component|dffs[12] ; clk      ;
; N/A   ; None         ; 3.166 ns   ; WriteEn        ; lpm_dff3:inst3|lpm_ff:lpm_ff_component|dffs[11] ; clk      ;
; N/A   ; None         ; 3.166 ns   ; WriteEn        ; lpm_dff3:inst3|lpm_ff:lpm_ff_component|dffs[10] ; clk      ;
; N/A   ; None         ; 3.166 ns   ; WriteEn        ; lpm_dff3:inst3|lpm_ff:lpm_ff_component|dffs[9]  ; clk      ;
; N/A   ; None         ; 3.166 ns   ; WriteEn        ; lpm_dff3:inst3|lpm_ff:lpm_ff_component|dffs[8]  ; clk      ;
; N/A   ; None         ; 3.166 ns   ; WriteEn        ; lpm_dff3:inst3|lpm_ff:lpm_ff_component|dffs[7]  ; clk      ;
; N/A   ; None         ; 3.166 ns   ; WriteEn        ; lpm_dff3:inst3|lpm_ff:lpm_ff_component|dffs[6]  ; clk      ;
; N/A   ; None         ; 3.166 ns   ; WriteEn        ; lpm_dff3:inst3|lpm_ff:lpm_ff_component|dffs[5]  ; clk      ;
; N/A   ; None         ; 3.166 ns   ; WriteEn        ; lpm_dff3:inst3|lpm_ff:lpm_ff_component|dffs[4]  ; clk      ;
; N/A   ; None         ; 3.166 ns   ; WriteEn        ; lpm_dff3:inst3|lpm_ff:lpm_ff_component|dffs[3]  ; clk      ;
; N/A   ; None         ; 3.166 ns   ; WriteEn        ; lpm_dff3:inst3|lpm_ff:lpm_ff_component|dffs[2]  ; clk      ;
; N/A   ; None         ; 3.166 ns   ; WriteEn        ; lpm_dff3:inst3|lpm_ff:lpm_ff_component|dffs[1]  ; clk      ;
; N/A   ; None         ; 3.166 ns   ; WriteEn        ; lpm_dff3:inst3|lpm_ff:lpm_ff_component|dffs[0]  ; clk      ;
; N/A   ; None         ; 3.130 ns   ; Data_in[3][9]  ; lpm_dff3:inst4|lpm_ff:lpm_ff_component|dffs[9]  ; clk      ;
; N/A   ; None         ; 3.026 ns   ; Data_in[3][5]  ; lpm_dff3:inst4|lpm_ff:lpm_ff_component|dffs[5]  ; clk      ;
; N/A   ; None         ; 3.010 ns   ; Data_in[3][10] ; lpm_dff3:inst4|lpm_ff:lpm_ff_component|dffs[10] ; clk      ;
; N/A   ; None         ; 2.996 ns   ; Data_in[2][10] ; lpm_dff3:inst3|lpm_ff:lpm_ff_component|dffs[10] ; clk      ;
; N/A   ; None         ; 2.995 ns   ; Tag_in[1]      ; lpm_dff2:inst|lpm_ff:lpm_ff_component|dffs[1]   ; clk      ;
; N/A   ; None         ; 2.923 ns   ; Data_in[0][2]  ; lpm_dff3:inst1|lpm_ff:lpm_ff_component|dffs[2]  ; clk      ;
; N/A   ; None         ; 2.911 ns   ; Data_in[2][2]  ; lpm_dff3:inst3|lpm_ff:lpm_ff_component|dffs[2]  ; clk      ;
; N/A   ; None         ; 2.896 ns   ; WriteEn        ; lpm_dff3:inst2|lpm_ff:lpm_ff_component|dffs[12] ; clk      ;
; N/A   ; None         ; 2.896 ns   ; WriteEn        ; lpm_dff3:inst2|lpm_ff:lpm_ff_component|dffs[11] ; clk      ;
; N/A   ; None         ; 2.896 ns   ; WriteEn        ; lpm_dff3:inst2|lpm_ff:lpm_ff_component|dffs[10] ; clk      ;
; N/A   ; None         ; 2.896 ns   ; WriteEn        ; lpm_dff3:inst2|lpm_ff:lpm_ff_component|dffs[9]  ; clk      ;
; N/A   ; None         ; 2.896 ns   ; WriteEn        ; lpm_dff3:inst2|lpm_ff:lpm_ff_component|dffs[8]  ; clk      ;
; N/A   ; None         ; 2.896 ns   ; WriteEn        ; lpm_dff3:inst2|lpm_ff:lpm_ff_component|dffs[7]  ; clk      ;
; N/A   ; None         ; 2.896 ns   ; WriteEn        ; lpm_dff3:inst2|lpm_ff:lpm_ff_component|dffs[6]  ; clk      ;
; N/A   ; None         ; 2.896 ns   ; WriteEn        ; lpm_dff3:inst2|lpm_ff:lpm_ff_component|dffs[5]  ; clk      ;
; N/A   ; None         ; 2.896 ns   ; WriteEn        ; lpm_dff3:inst2|lpm_ff:lpm_ff_component|dffs[4]  ; clk      ;
; N/A   ; None         ; 2.896 ns   ; WriteEn        ; lpm_dff3:inst2|lpm_ff:lpm_ff_component|dffs[3]  ; clk      ;
; N/A   ; None         ; 2.896 ns   ; WriteEn        ; lpm_dff3:inst2|lpm_ff:lpm_ff_component|dffs[2]  ; clk      ;
; N/A   ; None         ; 2.896 ns   ; WriteEn        ; lpm_dff3:inst2|lpm_ff:lpm_ff_component|dffs[1]  ; clk      ;
; N/A   ; None         ; 2.896 ns   ; WriteEn        ; lpm_dff3:inst2|lpm_ff:lpm_ff_component|dffs[0]  ; clk      ;
; N/A   ; None         ; 2.881 ns   ; Data_in[2][6]  ; lpm_dff3:inst3|lpm_ff:lpm_ff_component|dffs[6]  ; clk      ;
; N/A   ; None         ; 2.766 ns   ; Data_in[0][5]  ; lpm_dff3:inst1|lpm_ff:lpm_ff_component|dffs[5]  ; clk      ;
; N/A   ; None         ; 2.746 ns   ; D_in           ; lpm_dff2:inst|lpm_ff:lpm_ff_component|dffs[9]   ; clk      ;
; N/A   ; None         ; 2.670 ns   ; Data_in[3][3]  ; lpm_dff3:inst4|lpm_ff:lpm_ff_component|dffs[3]  ; clk      ;
; N/A   ; None         ; 2.659 ns   ; V_in           ; lpm_dff2:inst|lpm_ff:lpm_ff_component|dffs[10]  ; clk      ;
; N/A   ; None         ; 2.651 ns   ; Tag_in[3]      ; lpm_dff2:inst|lpm_ff:lpm_ff_component|dffs[3]   ; clk      ;
; N/A   ; None         ; 2.635 ns   ; Tag_in[4]      ; lpm_dff2:inst|lpm_ff:lpm_ff_component|dffs[4]   ; clk      ;
; N/A   ; None         ; 2.519 ns   ; Data_in[1][5]  ; lpm_dff3:inst2|lpm_ff:lpm_ff_component|dffs[5]  ; clk      ;
; N/A   ; None         ; 2.518 ns   ; Data_in[1][1]  ; lpm_dff3:inst2|lpm_ff:lpm_ff_component|dffs[1]  ; clk      ;
; N/A   ; None         ; 2.503 ns   ; Data_in[2][8]  ; lpm_dff3:inst3|lpm_ff:lpm_ff_component|dffs[8]  ; clk      ;
; N/A   ; None         ; 2.498 ns   ; Data_in[3][11] ; lpm_dff3:inst4|lpm_ff:lpm_ff_component|dffs[11] ; clk      ;
; N/A   ; None         ; 2.498 ns   ; Data_in[2][5]  ; lpm_dff3:inst3|lpm_ff:lpm_ff_component|dffs[5]  ; clk      ;
; N/A   ; None         ; 2.496 ns   ; LRU_in[1]      ; lpm_dff2:inst|lpm_ff:lpm_ff_component|dffs[6]   ; clk      ;
; N/A   ; None         ; 2.493 ns   ; LRU_in[0]      ; lpm_dff2:inst|lpm_ff:lpm_ff_component|dffs[5]   ; clk      ;
; N/A   ; None         ; 2.487 ns   ; Data_in[3][12] ; lpm_dff3:inst4|lpm_ff:lpm_ff_component|dffs[12] ; clk      ;
; N/A   ; None         ; 2.468 ns   ; Data_in[2][4]  ; lpm_dff3:inst3|lpm_ff:lpm_ff_component|dffs[4]  ; clk      ;
; N/A   ; None         ; 2.465 ns   ; Data_in[3][8]  ; lpm_dff3:inst4|lpm_ff:lpm_ff_component|dffs[8]  ; clk      ;
; N/A   ; None         ; 2.464 ns   ; Data_in[1][6]  ; lpm_dff3:inst2|lpm_ff:lpm_ff_component|dffs[6]  ; clk      ;
; N/A   ; None         ; 2.462 ns   ; Data_in[0][7]  ; lpm_dff3:inst1|lpm_ff:lpm_ff_component|dffs[7]  ; clk      ;
; N/A   ; None         ; 2.453 ns   ; Data_in[1][3]  ; lpm_dff3:inst2|lpm_ff:lpm_ff_component|dffs[3]  ; clk      ;
; N/A   ; None         ; 2.450 ns   ; Data_in[3][1]  ; lpm_dff3:inst4|lpm_ff:lpm_ff_component|dffs[1]  ; clk      ;
; N/A   ; None         ; 2.448 ns   ; Data_in[2][7]  ; lpm_dff3:inst3|lpm_ff:lpm_ff_component|dffs[7]  ; clk      ;
; N/A   ; None         ; 2.446 ns   ; Data_in[0][10] ; lpm_dff3:inst1|lpm_ff:lpm_ff_component|dffs[10] ; clk      ;
; N/A   ; None         ; 2.430 ns   ; Data_in[1][2]  ; lpm_dff3:inst2|lpm_ff:lpm_ff_component|dffs[2]  ; clk      ;
; N/A   ; None         ; 2.424 ns   ; Data_in[1][9]  ; lpm_dff3:inst2|lpm_ff:lpm_ff_component|dffs[9]  ; clk      ;
; N/A   ; None         ; 2.411 ns   ; Data_in[2][1]  ; lpm_dff3:inst3|lpm_ff:lpm_ff_component|dffs[1]  ; clk      ;
; N/A   ; None         ; 2.377 ns   ; LRU_in[3]      ; lpm_dff2:inst|lpm_ff:lpm_ff_component|dffs[8]   ; clk      ;
; N/A   ; None         ; 2.368 ns   ; Tag_in[0]      ; lpm_dff2:inst|lpm_ff:lpm_ff_component|dffs[0]   ; clk      ;
; N/A   ; None         ; 2.368 ns   ; Tag_in[2]      ; lpm_dff2:inst|lpm_ff:lpm_ff_component|dffs[2]   ; clk      ;
; N/A   ; None         ; 2.367 ns   ; Data_in[2][0]  ; lpm_dff3:inst3|lpm_ff:lpm_ff_component|dffs[0]  ; clk      ;
; N/A   ; None         ; 2.362 ns   ; Data_in[2][11] ; lpm_dff3:inst3|lpm_ff:lpm_ff_component|dffs[11] ; clk      ;
; N/A   ; None         ; 2.362 ns   ; Data_in[0][1]  ; lpm_dff3:inst1|lpm_ff:lpm_ff_component|dffs[1]  ; clk      ;
; N/A   ; None         ; 2.346 ns   ; Data_in[3][4]  ; lpm_dff3:inst4|lpm_ff:lpm_ff_component|dffs[4]  ; clk      ;
; N/A   ; None         ; 2.345 ns   ; Data_in[2][9]  ; lpm_dff3:inst3|lpm_ff:lpm_ff_component|dffs[9]  ; clk      ;
; N/A   ; None         ; 2.344 ns   ; Data_in[1][7]  ; lpm_dff3:inst2|lpm_ff:lpm_ff_component|dffs[7]  ; clk      ;
; N/A   ; None         ; 2.342 ns   ; Data_in[0][6]  ; lpm_dff3:inst1|lpm_ff:lpm_ff_component|dffs[6]  ; clk      ;
; N/A   ; None         ; 2.340 ns   ; Data_in[2][3]  ; lpm_dff3:inst3|lpm_ff:lpm_ff_component|dffs[3]  ; clk      ;
; N/A   ; None         ; 2.339 ns   ; Data_in[3][7]  ; lpm_dff3:inst4|lpm_ff:lpm_ff_component|dffs[7]  ; clk      ;
; N/A   ; None         ; 2.337 ns   ; Data_in[0][3]  ; lpm_dff3:inst1|lpm_ff:lpm_ff_component|dffs[3]  ; clk      ;
; N/A   ; None         ; 2.324 ns   ; Data_in[1][12] ; lpm_dff3:inst2|lpm_ff:lpm_ff_component|dffs[12] ; clk      ;
; N/A   ; None         ; 2.322 ns   ; Data_in[0][4]  ; lpm_dff3:inst1|lpm_ff:lpm_ff_component|dffs[4]  ; clk      ;
; N/A   ; None         ; 2.318 ns   ; Data_in[0][0]  ; lpm_dff3:inst1|lpm_ff:lpm_ff_component|dffs[0]  ; clk      ;
; N/A   ; None         ; 2.310 ns   ; Data_in[1][4]  ; lpm_dff3:inst2|lpm_ff:lpm_ff_component|dffs[4]  ; clk      ;
; N/A   ; None         ; 2.306 ns   ; Data_in[1][11] ; lpm_dff3:inst2|lpm_ff:lpm_ff_component|dffs[11] ; clk      ;
; N/A   ; None         ; 2.306 ns   ; Data_in[0][9]  ; lpm_dff3:inst1|lpm_ff:lpm_ff_component|dffs[9]  ; clk      ;
; N/A   ; None         ; 2.304 ns   ; Data_in[3][6]  ; lpm_dff3:inst4|lpm_ff:lpm_ff_component|dffs[6]  ; clk      ;
; N/A   ; None         ; 2.293 ns   ; Data_in[1][10] ; lpm_dff3:inst2|lpm_ff:lpm_ff_component|dffs[10] ; clk      ;
; N/A   ; None         ; 2.266 ns   ; Data_in[3][0]  ; lpm_dff3:inst4|lpm_ff:lpm_ff_component|dffs[0]  ; clk      ;
; N/A   ; None         ; 2.157 ns   ; Data_in[1][0]  ; lpm_dff3:inst2|lpm_ff:lpm_ff_component|dffs[0]  ; clk      ;
; N/A   ; None         ; 2.155 ns   ; Data_in[0][12] ; lpm_dff3:inst1|lpm_ff:lpm_ff_component|dffs[12] ; clk      ;
; N/A   ; None         ; 2.143 ns   ; Data_in[0][8]  ; lpm_dff3:inst1|lpm_ff:lpm_ff_component|dffs[8]  ; clk      ;
; N/A   ; None         ; 2.140 ns   ; Data_in[2][12] ; lpm_dff3:inst3|lpm_ff:lpm_ff_component|dffs[12] ; clk      ;
; N/A   ; None         ; 2.092 ns   ; Data_in[0][11] ; lpm_dff3:inst1|lpm_ff:lpm_ff_component|dffs[11] ; clk      ;
; N/A   ; None         ; 2.077 ns   ; Data_in[1][8]  ; lpm_dff3:inst2|lpm_ff:lpm_ff_component|dffs[8]  ; clk      ;
; N/A   ; None         ; 2.047 ns   ; Data_in[3][2]  ; lpm_dff3:inst4|lpm_ff:lpm_ff_component|dffs[2]  ; clk      ;
+-------+--------------+------------+----------------+-------------------------------------------------+----------+


+--------------------------------------------------------------------------------------------------------------------+
; tco                                                                                                                ;
+-------+--------------+------------+-------------------------------------------------+-----------------+------------+
; Slack ; Required tco ; Actual tco ; From                                            ; To              ; From Clock ;
+-------+--------------+------------+-------------------------------------------------+-----------------+------------+
; N/A   ; None         ; 7.879 ns   ; lpm_dff2:inst|lpm_ff:lpm_ff_component|dffs[2]   ; Tag_out[2]      ; clk        ;
; N/A   ; None         ; 6.878 ns   ; lpm_dff3:inst2|lpm_ff:lpm_ff_component|dffs[1]  ; Data_out[1][1]  ; clk        ;
; N/A   ; None         ; 6.736 ns   ; lpm_dff3:inst2|lpm_ff:lpm_ff_component|dffs[10] ; Data_out[1][10] ; clk        ;
; N/A   ; None         ; 6.602 ns   ; lpm_dff2:inst|lpm_ff:lpm_ff_component|dffs[4]   ; Tag_out[4]      ; clk        ;
; N/A   ; None         ; 6.586 ns   ; lpm_dff2:inst|lpm_ff:lpm_ff_component|dffs[6]   ; LRU_out[1]      ; clk        ;
; N/A   ; None         ; 6.580 ns   ; lpm_dff2:inst|lpm_ff:lpm_ff_component|dffs[0]   ; Tag_out[0]      ; clk        ;
; N/A   ; None         ; 6.539 ns   ; lpm_dff3:inst1|lpm_ff:lpm_ff_component|dffs[7]  ; Data_out[0][7]  ; clk        ;
; N/A   ; None         ; 6.464 ns   ; lpm_dff3:inst2|lpm_ff:lpm_ff_component|dffs[12] ; Data_out[1][12] ; clk        ;
; N/A   ; None         ; 6.422 ns   ; lpm_dff2:inst|lpm_ff:lpm_ff_component|dffs[10]  ; V_out           ; clk        ;
; N/A   ; None         ; 6.411 ns   ; lpm_dff2:inst|lpm_ff:lpm_ff_component|dffs[9]   ; D_out           ; clk        ;
; N/A   ; None         ; 6.338 ns   ; lpm_dff3:inst1|lpm_ff:lpm_ff_component|dffs[3]  ; Data_out[0][3]  ; clk        ;
; N/A   ; None         ; 6.327 ns   ; lpm_dff3:inst1|lpm_ff:lpm_ff_component|dffs[12] ; Data_out[0][12] ; clk        ;
; N/A   ; None         ; 6.313 ns   ; lpm_dff3:inst1|lpm_ff:lpm_ff_component|dffs[2]  ; Data_out[0][2]  ; clk        ;
; N/A   ; None         ; 6.291 ns   ; lpm_dff2:inst|lpm_ff:lpm_ff_component|dffs[3]   ; Tag_out[3]      ; clk        ;
; N/A   ; None         ; 5.989 ns   ; lpm_dff3:inst1|lpm_ff:lpm_ff_component|dffs[6]  ; Data_out[0][6]  ; clk        ;
; N/A   ; None         ; 5.690 ns   ; lpm_dff3:inst3|lpm_ff:lpm_ff_component|dffs[10] ; Data_out[2][10] ; clk        ;
; N/A   ; None         ; 5.684 ns   ; lpm_dff3:inst3|lpm_ff:lpm_ff_component|dffs[6]  ; Data_out[2][6]  ; clk        ;
; N/A   ; None         ; 5.682 ns   ; lpm_dff2:inst|lpm_ff:lpm_ff_component|dffs[7]   ; LRU_out[2]      ; clk        ;
; N/A   ; None         ; 5.677 ns   ; lpm_dff3:inst3|lpm_ff:lpm_ff_component|dffs[11] ; Data_out[2][11] ; clk        ;
; N/A   ; None         ; 5.662 ns   ; lpm_dff2:inst|lpm_ff:lpm_ff_component|dffs[1]   ; Tag_out[1]      ; clk        ;
; N/A   ; None         ; 5.629 ns   ; lpm_dff3:inst1|lpm_ff:lpm_ff_component|dffs[9]  ; Data_out[0][9]  ; clk        ;
; N/A   ; None         ; 5.457 ns   ; lpm_dff3:inst3|lpm_ff:lpm_ff_component|dffs[12] ; Data_out[2][12] ; clk        ;
; N/A   ; None         ; 5.454 ns   ; lpm_dff3:inst3|lpm_ff:lpm_ff_component|dffs[5]  ; Data_out[2][5]  ; clk        ;
; N/A   ; None         ; 5.397 ns   ; lpm_dff3:inst1|lpm_ff:lpm_ff_component|dffs[11] ; Data_out[0][11] ; clk        ;
; N/A   ; None         ; 5.393 ns   ; lpm_dff3:inst2|lpm_ff:lpm_ff_component|dffs[7]  ; Data_out[1][7]  ; clk        ;
; N/A   ; None         ; 5.390 ns   ; lpm_dff3:inst2|lpm_ff:lpm_ff_component|dffs[9]  ; Data_out[1][9]  ; clk        ;
; N/A   ; None         ; 5.370 ns   ; lpm_dff3:inst4|lpm_ff:lpm_ff_component|dffs[10] ; Data_out[3][10] ; clk        ;
; N/A   ; None         ; 5.369 ns   ; lpm_dff3:inst2|lpm_ff:lpm_ff_component|dffs[8]  ; Data_out[1][8]  ; clk        ;
; N/A   ; None         ; 5.365 ns   ; lpm_dff3:inst2|lpm_ff:lpm_ff_component|dffs[6]  ; Data_out[1][6]  ; clk        ;
; N/A   ; None         ; 5.361 ns   ; lpm_dff3:inst4|lpm_ff:lpm_ff_component|dffs[5]  ; Data_out[3][5]  ; clk        ;
; N/A   ; None         ; 5.355 ns   ; lpm_dff3:inst3|lpm_ff:lpm_ff_component|dffs[0]  ; Data_out[2][0]  ; clk        ;
; N/A   ; None         ; 5.351 ns   ; lpm_dff3:inst4|lpm_ff:lpm_ff_component|dffs[6]  ; Data_out[3][6]  ; clk        ;
; N/A   ; None         ; 5.349 ns   ; lpm_dff3:inst4|lpm_ff:lpm_ff_component|dffs[9]  ; Data_out[3][9]  ; clk        ;
; N/A   ; None         ; 5.334 ns   ; lpm_dff3:inst3|lpm_ff:lpm_ff_component|dffs[8]  ; Data_out[2][8]  ; clk        ;
; N/A   ; None         ; 5.328 ns   ; lpm_dff3:inst4|lpm_ff:lpm_ff_component|dffs[7]  ; Data_out[3][7]  ; clk        ;
; N/A   ; None         ; 5.324 ns   ; lpm_dff3:inst2|lpm_ff:lpm_ff_component|dffs[0]  ; Data_out[1][0]  ; clk        ;
; N/A   ; None         ; 5.324 ns   ; lpm_dff3:inst1|lpm_ff:lpm_ff_component|dffs[4]  ; Data_out[0][4]  ; clk        ;
; N/A   ; None         ; 5.322 ns   ; lpm_dff3:inst1|lpm_ff:lpm_ff_component|dffs[0]  ; Data_out[0][0]  ; clk        ;
; N/A   ; None         ; 5.309 ns   ; lpm_dff3:inst2|lpm_ff:lpm_ff_component|dffs[3]  ; Data_out[1][3]  ; clk        ;
; N/A   ; None         ; 5.307 ns   ; lpm_dff2:inst|lpm_ff:lpm_ff_component|dffs[8]   ; LRU_out[3]      ; clk        ;
; N/A   ; None         ; 5.307 ns   ; lpm_dff3:inst2|lpm_ff:lpm_ff_component|dffs[5]  ; Data_out[1][5]  ; clk        ;
; N/A   ; None         ; 5.304 ns   ; lpm_dff3:inst1|lpm_ff:lpm_ff_component|dffs[8]  ; Data_out[0][8]  ; clk        ;
; N/A   ; None         ; 5.303 ns   ; lpm_dff3:inst1|lpm_ff:lpm_ff_component|dffs[10] ; Data_out[0][10] ; clk        ;
; N/A   ; None         ; 5.302 ns   ; lpm_dff3:inst4|lpm_ff:lpm_ff_component|dffs[12] ; Data_out[3][12] ; clk        ;
; N/A   ; None         ; 5.300 ns   ; lpm_dff3:inst4|lpm_ff:lpm_ff_component|dffs[3]  ; Data_out[3][3]  ; clk        ;
; N/A   ; None         ; 5.299 ns   ; lpm_dff3:inst3|lpm_ff:lpm_ff_component|dffs[4]  ; Data_out[2][4]  ; clk        ;
; N/A   ; None         ; 5.289 ns   ; lpm_dff3:inst1|lpm_ff:lpm_ff_component|dffs[5]  ; Data_out[0][5]  ; clk        ;
; N/A   ; None         ; 5.286 ns   ; lpm_dff3:inst3|lpm_ff:lpm_ff_component|dffs[2]  ; Data_out[2][2]  ; clk        ;
; N/A   ; None         ; 5.272 ns   ; lpm_dff3:inst2|lpm_ff:lpm_ff_component|dffs[11] ; Data_out[1][11] ; clk        ;
; N/A   ; None         ; 5.257 ns   ; lpm_dff3:inst3|lpm_ff:lpm_ff_component|dffs[3]  ; Data_out[2][3]  ; clk        ;
; N/A   ; None         ; 5.188 ns   ; lpm_dff3:inst4|lpm_ff:lpm_ff_component|dffs[0]  ; Data_out[3][0]  ; clk        ;
; N/A   ; None         ; 5.177 ns   ; lpm_dff3:inst4|lpm_ff:lpm_ff_component|dffs[4]  ; Data_out[3][4]  ; clk        ;
; N/A   ; None         ; 5.165 ns   ; lpm_dff3:inst4|lpm_ff:lpm_ff_component|dffs[2]  ; Data_out[3][2]  ; clk        ;
; N/A   ; None         ; 5.150 ns   ; lpm_dff2:inst|lpm_ff:lpm_ff_component|dffs[5]   ; LRU_out[0]      ; clk        ;
; N/A   ; None         ; 5.070 ns   ; lpm_dff3:inst2|lpm_ff:lpm_ff_component|dffs[4]  ; Data_out[1][4]  ; clk        ;
; N/A   ; None         ; 5.060 ns   ; lpm_dff3:inst2|lpm_ff:lpm_ff_component|dffs[2]  ; Data_out[1][2]  ; clk        ;
; N/A   ; None         ; 5.051 ns   ; lpm_dff3:inst1|lpm_ff:lpm_ff_component|dffs[1]  ; Data_out[0][1]  ; clk        ;
; N/A   ; None         ; 5.046 ns   ; lpm_dff3:inst4|lpm_ff:lpm_ff_component|dffs[1]  ; Data_out[3][1]  ; clk        ;
; N/A   ; None         ; 5.046 ns   ; lpm_dff3:inst4|lpm_ff:lpm_ff_component|dffs[8]  ; Data_out[3][8]  ; clk        ;
; N/A   ; None         ; 5.045 ns   ; lpm_dff3:inst4|lpm_ff:lpm_ff_component|dffs[11] ; Data_out[3][11] ; clk        ;
; N/A   ; None         ; 5.043 ns   ; lpm_dff3:inst3|lpm_ff:lpm_ff_component|dffs[7]  ; Data_out[2][7]  ; clk        ;
; N/A   ; None         ; 5.043 ns   ; lpm_dff3:inst3|lpm_ff:lpm_ff_component|dffs[9]  ; Data_out[2][9]  ; clk        ;
; N/A   ; None         ; 5.004 ns   ; lpm_dff3:inst3|lpm_ff:lpm_ff_component|dffs[1]  ; Data_out[2][1]  ; clk        ;
+-------+--------------+------------+-------------------------------------------------+-----------------+------------+


+-----------------------------------------------------------------------------------------------------------------------+
; th                                                                                                                    ;
+---------------+-------------+-----------+----------------+-------------------------------------------------+----------+
; Minimum Slack ; Required th ; Actual th ; From           ; To                                              ; To Clock ;
+---------------+-------------+-----------+----------------+-------------------------------------------------+----------+
; N/A           ; None        ; -1.808 ns ; Data_in[3][2]  ; lpm_dff3:inst4|lpm_ff:lpm_ff_component|dffs[2]  ; clk      ;
; N/A           ; None        ; -1.838 ns ; Data_in[1][8]  ; lpm_dff3:inst2|lpm_ff:lpm_ff_component|dffs[8]  ; clk      ;
; N/A           ; None        ; -1.853 ns ; Data_in[0][11] ; lpm_dff3:inst1|lpm_ff:lpm_ff_component|dffs[11] ; clk      ;
; N/A           ; None        ; -1.901 ns ; Data_in[2][12] ; lpm_dff3:inst3|lpm_ff:lpm_ff_component|dffs[12] ; clk      ;
; N/A           ; None        ; -1.904 ns ; Data_in[0][8]  ; lpm_dff3:inst1|lpm_ff:lpm_ff_component|dffs[8]  ; clk      ;
; N/A           ; None        ; -1.916 ns ; Data_in[0][12] ; lpm_dff3:inst1|lpm_ff:lpm_ff_component|dffs[12] ; clk      ;
; N/A           ; None        ; -1.918 ns ; Data_in[1][0]  ; lpm_dff3:inst2|lpm_ff:lpm_ff_component|dffs[0]  ; clk      ;
; N/A           ; None        ; -2.027 ns ; Data_in[3][0]  ; lpm_dff3:inst4|lpm_ff:lpm_ff_component|dffs[0]  ; clk      ;
; N/A           ; None        ; -2.054 ns ; Data_in[1][10] ; lpm_dff3:inst2|lpm_ff:lpm_ff_component|dffs[10] ; clk      ;
; N/A           ; None        ; -2.065 ns ; Data_in[3][6]  ; lpm_dff3:inst4|lpm_ff:lpm_ff_component|dffs[6]  ; clk      ;
; N/A           ; None        ; -2.067 ns ; Data_in[1][11] ; lpm_dff3:inst2|lpm_ff:lpm_ff_component|dffs[11] ; clk      ;
; N/A           ; None        ; -2.067 ns ; Data_in[0][9]  ; lpm_dff3:inst1|lpm_ff:lpm_ff_component|dffs[9]  ; clk      ;
; N/A           ; None        ; -2.071 ns ; Data_in[1][4]  ; lpm_dff3:inst2|lpm_ff:lpm_ff_component|dffs[4]  ; clk      ;
; N/A           ; None        ; -2.079 ns ; Data_in[0][0]  ; lpm_dff3:inst1|lpm_ff:lpm_ff_component|dffs[0]  ; clk      ;
; N/A           ; None        ; -2.083 ns ; Data_in[0][4]  ; lpm_dff3:inst1|lpm_ff:lpm_ff_component|dffs[4]  ; clk      ;
; N/A           ; None        ; -2.085 ns ; Data_in[1][12] ; lpm_dff3:inst2|lpm_ff:lpm_ff_component|dffs[12] ; clk      ;
; N/A           ; None        ; -2.098 ns ; Data_in[0][3]  ; lpm_dff3:inst1|lpm_ff:lpm_ff_component|dffs[3]  ; clk      ;
; N/A           ; None        ; -2.100 ns ; Data_in[3][7]  ; lpm_dff3:inst4|lpm_ff:lpm_ff_component|dffs[7]  ; clk      ;
; N/A           ; None        ; -2.101 ns ; Data_in[2][3]  ; lpm_dff3:inst3|lpm_ff:lpm_ff_component|dffs[3]  ; clk      ;
; N/A           ; None        ; -2.103 ns ; Data_in[0][6]  ; lpm_dff3:inst1|lpm_ff:lpm_ff_component|dffs[6]  ; clk      ;
; N/A           ; None        ; -2.105 ns ; Data_in[1][7]  ; lpm_dff3:inst2|lpm_ff:lpm_ff_component|dffs[7]  ; clk      ;
; N/A           ; None        ; -2.106 ns ; Data_in[2][9]  ; lpm_dff3:inst3|lpm_ff:lpm_ff_component|dffs[9]  ; clk      ;
; N/A           ; None        ; -2.107 ns ; Data_in[3][4]  ; lpm_dff3:inst4|lpm_ff:lpm_ff_component|dffs[4]  ; clk      ;
; N/A           ; None        ; -2.123 ns ; Data_in[2][11] ; lpm_dff3:inst3|lpm_ff:lpm_ff_component|dffs[11] ; clk      ;
; N/A           ; None        ; -2.123 ns ; Data_in[0][1]  ; lpm_dff3:inst1|lpm_ff:lpm_ff_component|dffs[1]  ; clk      ;
; N/A           ; None        ; -2.128 ns ; Data_in[2][0]  ; lpm_dff3:inst3|lpm_ff:lpm_ff_component|dffs[0]  ; clk      ;
; N/A           ; None        ; -2.129 ns ; Tag_in[0]      ; lpm_dff2:inst|lpm_ff:lpm_ff_component|dffs[0]   ; clk      ;
; N/A           ; None        ; -2.129 ns ; Tag_in[2]      ; lpm_dff2:inst|lpm_ff:lpm_ff_component|dffs[2]   ; clk      ;
; N/A           ; None        ; -2.138 ns ; LRU_in[3]      ; lpm_dff2:inst|lpm_ff:lpm_ff_component|dffs[8]   ; clk      ;
; N/A           ; None        ; -2.172 ns ; Data_in[2][1]  ; lpm_dff3:inst3|lpm_ff:lpm_ff_component|dffs[1]  ; clk      ;
; N/A           ; None        ; -2.185 ns ; Data_in[1][9]  ; lpm_dff3:inst2|lpm_ff:lpm_ff_component|dffs[9]  ; clk      ;
; N/A           ; None        ; -2.191 ns ; Data_in[1][2]  ; lpm_dff3:inst2|lpm_ff:lpm_ff_component|dffs[2]  ; clk      ;
; N/A           ; None        ; -2.207 ns ; Data_in[0][10] ; lpm_dff3:inst1|lpm_ff:lpm_ff_component|dffs[10] ; clk      ;
; N/A           ; None        ; -2.209 ns ; Data_in[2][7]  ; lpm_dff3:inst3|lpm_ff:lpm_ff_component|dffs[7]  ; clk      ;
; N/A           ; None        ; -2.211 ns ; Data_in[3][1]  ; lpm_dff3:inst4|lpm_ff:lpm_ff_component|dffs[1]  ; clk      ;
; N/A           ; None        ; -2.214 ns ; Data_in[1][3]  ; lpm_dff3:inst2|lpm_ff:lpm_ff_component|dffs[3]  ; clk      ;
; N/A           ; None        ; -2.223 ns ; Data_in[0][7]  ; lpm_dff3:inst1|lpm_ff:lpm_ff_component|dffs[7]  ; clk      ;
; N/A           ; None        ; -2.225 ns ; Data_in[1][6]  ; lpm_dff3:inst2|lpm_ff:lpm_ff_component|dffs[6]  ; clk      ;
; N/A           ; None        ; -2.226 ns ; Data_in[3][8]  ; lpm_dff3:inst4|lpm_ff:lpm_ff_component|dffs[8]  ; clk      ;
; N/A           ; None        ; -2.229 ns ; Data_in[2][4]  ; lpm_dff3:inst3|lpm_ff:lpm_ff_component|dffs[4]  ; clk      ;
; N/A           ; None        ; -2.248 ns ; Data_in[3][12] ; lpm_dff3:inst4|lpm_ff:lpm_ff_component|dffs[12] ; clk      ;
; N/A           ; None        ; -2.254 ns ; LRU_in[0]      ; lpm_dff2:inst|lpm_ff:lpm_ff_component|dffs[5]   ; clk      ;
; N/A           ; None        ; -2.257 ns ; LRU_in[1]      ; lpm_dff2:inst|lpm_ff:lpm_ff_component|dffs[6]   ; clk      ;
; N/A           ; None        ; -2.259 ns ; Data_in[3][11] ; lpm_dff3:inst4|lpm_ff:lpm_ff_component|dffs[11] ; clk      ;
; N/A           ; None        ; -2.259 ns ; Data_in[2][5]  ; lpm_dff3:inst3|lpm_ff:lpm_ff_component|dffs[5]  ; clk      ;
; N/A           ; None        ; -2.264 ns ; Data_in[2][8]  ; lpm_dff3:inst3|lpm_ff:lpm_ff_component|dffs[8]  ; clk      ;
; N/A           ; None        ; -2.279 ns ; Data_in[1][1]  ; lpm_dff3:inst2|lpm_ff:lpm_ff_component|dffs[1]  ; clk      ;
; N/A           ; None        ; -2.280 ns ; Data_in[1][5]  ; lpm_dff3:inst2|lpm_ff:lpm_ff_component|dffs[5]  ; clk      ;
; N/A           ; None        ; -2.396 ns ; Tag_in[4]      ; lpm_dff2:inst|lpm_ff:lpm_ff_component|dffs[4]   ; clk      ;
; N/A           ; None        ; -2.412 ns ; Tag_in[3]      ; lpm_dff2:inst|lpm_ff:lpm_ff_component|dffs[3]   ; clk      ;
; N/A           ; None        ; -2.420 ns ; V_in           ; lpm_dff2:inst|lpm_ff:lpm_ff_component|dffs[10]  ; clk      ;
; N/A           ; None        ; -2.431 ns ; Data_in[3][3]  ; lpm_dff3:inst4|lpm_ff:lpm_ff_component|dffs[3]  ; clk      ;
; N/A           ; None        ; -2.507 ns ; D_in           ; lpm_dff2:inst|lpm_ff:lpm_ff_component|dffs[9]   ; clk      ;
; N/A           ; None        ; -2.527 ns ; Data_in[0][5]  ; lpm_dff3:inst1|lpm_ff:lpm_ff_component|dffs[5]  ; clk      ;
; N/A           ; None        ; -2.642 ns ; Data_in[2][6]  ; lpm_dff3:inst3|lpm_ff:lpm_ff_component|dffs[6]  ; clk      ;
; N/A           ; None        ; -2.657 ns ; WriteEn        ; lpm_dff3:inst2|lpm_ff:lpm_ff_component|dffs[12] ; clk      ;
; N/A           ; None        ; -2.657 ns ; WriteEn        ; lpm_dff3:inst2|lpm_ff:lpm_ff_component|dffs[11] ; clk      ;
; N/A           ; None        ; -2.657 ns ; WriteEn        ; lpm_dff3:inst2|lpm_ff:lpm_ff_component|dffs[10] ; clk      ;
; N/A           ; None        ; -2.657 ns ; WriteEn        ; lpm_dff3:inst2|lpm_ff:lpm_ff_component|dffs[9]  ; clk      ;
; N/A           ; None        ; -2.657 ns ; WriteEn        ; lpm_dff3:inst2|lpm_ff:lpm_ff_component|dffs[8]  ; clk      ;
; N/A           ; None        ; -2.657 ns ; WriteEn        ; lpm_dff3:inst2|lpm_ff:lpm_ff_component|dffs[7]  ; clk      ;
; N/A           ; None        ; -2.657 ns ; WriteEn        ; lpm_dff3:inst2|lpm_ff:lpm_ff_component|dffs[6]  ; clk      ;
; N/A           ; None        ; -2.657 ns ; WriteEn        ; lpm_dff3:inst2|lpm_ff:lpm_ff_component|dffs[5]  ; clk      ;
; N/A           ; None        ; -2.657 ns ; WriteEn        ; lpm_dff3:inst2|lpm_ff:lpm_ff_component|dffs[4]  ; clk      ;
; N/A           ; None        ; -2.657 ns ; WriteEn        ; lpm_dff3:inst2|lpm_ff:lpm_ff_component|dffs[3]  ; clk      ;
; N/A           ; None        ; -2.657 ns ; WriteEn        ; lpm_dff3:inst2|lpm_ff:lpm_ff_component|dffs[2]  ; clk      ;
; N/A           ; None        ; -2.657 ns ; WriteEn        ; lpm_dff3:inst2|lpm_ff:lpm_ff_component|dffs[1]  ; clk      ;
; N/A           ; None        ; -2.657 ns ; WriteEn        ; lpm_dff3:inst2|lpm_ff:lpm_ff_component|dffs[0]  ; clk      ;
; N/A           ; None        ; -2.672 ns ; Data_in[2][2]  ; lpm_dff3:inst3|lpm_ff:lpm_ff_component|dffs[2]  ; clk      ;
; N/A           ; None        ; -2.684 ns ; Data_in[0][2]  ; lpm_dff3:inst1|lpm_ff:lpm_ff_component|dffs[2]  ; clk      ;
; N/A           ; None        ; -2.756 ns ; Tag_in[1]      ; lpm_dff2:inst|lpm_ff:lpm_ff_component|dffs[1]   ; clk      ;
; N/A           ; None        ; -2.757 ns ; Data_in[2][10] ; lpm_dff3:inst3|lpm_ff:lpm_ff_component|dffs[10] ; clk      ;
; N/A           ; None        ; -2.771 ns ; Data_in[3][10] ; lpm_dff3:inst4|lpm_ff:lpm_ff_component|dffs[10] ; clk      ;
; N/A           ; None        ; -2.787 ns ; Data_in[3][5]  ; lpm_dff3:inst4|lpm_ff:lpm_ff_component|dffs[5]  ; clk      ;
; N/A           ; None        ; -2.891 ns ; Data_in[3][9]  ; lpm_dff3:inst4|lpm_ff:lpm_ff_component|dffs[9]  ; clk      ;
; N/A           ; None        ; -2.927 ns ; WriteEn        ; lpm_dff3:inst3|lpm_ff:lpm_ff_component|dffs[12] ; clk      ;
; N/A           ; None        ; -2.927 ns ; WriteEn        ; lpm_dff3:inst3|lpm_ff:lpm_ff_component|dffs[11] ; clk      ;
; N/A           ; None        ; -2.927 ns ; WriteEn        ; lpm_dff3:inst3|lpm_ff:lpm_ff_component|dffs[10] ; clk      ;
; N/A           ; None        ; -2.927 ns ; WriteEn        ; lpm_dff3:inst3|lpm_ff:lpm_ff_component|dffs[9]  ; clk      ;
; N/A           ; None        ; -2.927 ns ; WriteEn        ; lpm_dff3:inst3|lpm_ff:lpm_ff_component|dffs[8]  ; clk      ;
; N/A           ; None        ; -2.927 ns ; WriteEn        ; lpm_dff3:inst3|lpm_ff:lpm_ff_component|dffs[7]  ; clk      ;
; N/A           ; None        ; -2.927 ns ; WriteEn        ; lpm_dff3:inst3|lpm_ff:lpm_ff_component|dffs[6]  ; clk      ;
; N/A           ; None        ; -2.927 ns ; WriteEn        ; lpm_dff3:inst3|lpm_ff:lpm_ff_component|dffs[5]  ; clk      ;
; N/A           ; None        ; -2.927 ns ; WriteEn        ; lpm_dff3:inst3|lpm_ff:lpm_ff_component|dffs[4]  ; clk      ;
; N/A           ; None        ; -2.927 ns ; WriteEn        ; lpm_dff3:inst3|lpm_ff:lpm_ff_component|dffs[3]  ; clk      ;
; N/A           ; None        ; -2.927 ns ; WriteEn        ; lpm_dff3:inst3|lpm_ff:lpm_ff_component|dffs[2]  ; clk      ;
; N/A           ; None        ; -2.927 ns ; WriteEn        ; lpm_dff3:inst3|lpm_ff:lpm_ff_component|dffs[1]  ; clk      ;
; N/A           ; None        ; -2.927 ns ; WriteEn        ; lpm_dff3:inst3|lpm_ff:lpm_ff_component|dffs[0]  ; clk      ;
; N/A           ; None        ; -2.960 ns ; WriteEn        ; lpm_dff2:inst|lpm_ff:lpm_ff_component|dffs[10]  ; clk      ;
; N/A           ; None        ; -2.960 ns ; WriteEn        ; lpm_dff2:inst|lpm_ff:lpm_ff_component|dffs[9]   ; clk      ;
; N/A           ; None        ; -2.960 ns ; WriteEn        ; lpm_dff2:inst|lpm_ff:lpm_ff_component|dffs[8]   ; clk      ;
; N/A           ; None        ; -2.960 ns ; WriteEn        ; lpm_dff2:inst|lpm_ff:lpm_ff_component|dffs[7]   ; clk      ;
; N/A           ; None        ; -2.960 ns ; WriteEn        ; lpm_dff2:inst|lpm_ff:lpm_ff_component|dffs[6]   ; clk      ;
; N/A           ; None        ; -2.960 ns ; WriteEn        ; lpm_dff2:inst|lpm_ff:lpm_ff_component|dffs[5]   ; clk      ;
; N/A           ; None        ; -2.960 ns ; WriteEn        ; lpm_dff2:inst|lpm_ff:lpm_ff_component|dffs[4]   ; clk      ;
; N/A           ; None        ; -2.960 ns ; WriteEn        ; lpm_dff2:inst|lpm_ff:lpm_ff_component|dffs[3]   ; clk      ;
; N/A           ; None        ; -2.960 ns ; WriteEn        ; lpm_dff2:inst|lpm_ff:lpm_ff_component|dffs[2]   ; clk      ;
; N/A           ; None        ; -2.960 ns ; WriteEn        ; lpm_dff2:inst|lpm_ff:lpm_ff_component|dffs[1]   ; clk      ;
; N/A           ; None        ; -2.960 ns ; WriteEn        ; lpm_dff2:inst|lpm_ff:lpm_ff_component|dffs[0]   ; clk      ;
; N/A           ; None        ; -3.055 ns ; LRU_in[2]      ; lpm_dff2:inst|lpm_ff:lpm_ff_component|dffs[7]   ; clk      ;
; N/A           ; None        ; -3.858 ns ; WriteEn        ; lpm_dff3:inst1|lpm_ff:lpm_ff_component|dffs[12] ; clk      ;
; N/A           ; None        ; -3.858 ns ; WriteEn        ; lpm_dff3:inst1|lpm_ff:lpm_ff_component|dffs[11] ; clk      ;
; N/A           ; None        ; -3.858 ns ; WriteEn        ; lpm_dff3:inst1|lpm_ff:lpm_ff_component|dffs[10] ; clk      ;
; N/A           ; None        ; -3.858 ns ; WriteEn        ; lpm_dff3:inst1|lpm_ff:lpm_ff_component|dffs[9]  ; clk      ;
; N/A           ; None        ; -3.858 ns ; WriteEn        ; lpm_dff3:inst1|lpm_ff:lpm_ff_component|dffs[8]  ; clk      ;
; N/A           ; None        ; -3.858 ns ; WriteEn        ; lpm_dff3:inst1|lpm_ff:lpm_ff_component|dffs[7]  ; clk      ;
; N/A           ; None        ; -3.858 ns ; WriteEn        ; lpm_dff3:inst1|lpm_ff:lpm_ff_component|dffs[6]  ; clk      ;
; N/A           ; None        ; -3.858 ns ; WriteEn        ; lpm_dff3:inst1|lpm_ff:lpm_ff_component|dffs[5]  ; clk      ;
; N/A           ; None        ; -3.858 ns ; WriteEn        ; lpm_dff3:inst1|lpm_ff:lpm_ff_component|dffs[4]  ; clk      ;
; N/A           ; None        ; -3.858 ns ; WriteEn        ; lpm_dff3:inst1|lpm_ff:lpm_ff_component|dffs[3]  ; clk      ;
; N/A           ; None        ; -3.858 ns ; WriteEn        ; lpm_dff3:inst1|lpm_ff:lpm_ff_component|dffs[2]  ; clk      ;
; N/A           ; None        ; -3.858 ns ; WriteEn        ; lpm_dff3:inst1|lpm_ff:lpm_ff_component|dffs[1]  ; clk      ;
; N/A           ; None        ; -3.858 ns ; WriteEn        ; lpm_dff3:inst1|lpm_ff:lpm_ff_component|dffs[0]  ; clk      ;
; N/A           ; None        ; -4.127 ns ; WriteEn        ; lpm_dff3:inst4|lpm_ff:lpm_ff_component|dffs[12] ; clk      ;
; N/A           ; None        ; -4.127 ns ; WriteEn        ; lpm_dff3:inst4|lpm_ff:lpm_ff_component|dffs[11] ; clk      ;
; N/A           ; None        ; -4.127 ns ; WriteEn        ; lpm_dff3:inst4|lpm_ff:lpm_ff_component|dffs[10] ; clk      ;
; N/A           ; None        ; -4.127 ns ; WriteEn        ; lpm_dff3:inst4|lpm_ff:lpm_ff_component|dffs[9]  ; clk      ;
; N/A           ; None        ; -4.127 ns ; WriteEn        ; lpm_dff3:inst4|lpm_ff:lpm_ff_component|dffs[8]  ; clk      ;
; N/A           ; None        ; -4.127 ns ; WriteEn        ; lpm_dff3:inst4|lpm_ff:lpm_ff_component|dffs[7]  ; clk      ;
; N/A           ; None        ; -4.127 ns ; WriteEn        ; lpm_dff3:inst4|lpm_ff:lpm_ff_component|dffs[6]  ; clk      ;
; N/A           ; None        ; -4.127 ns ; WriteEn        ; lpm_dff3:inst4|lpm_ff:lpm_ff_component|dffs[5]  ; clk      ;
; N/A           ; None        ; -4.127 ns ; WriteEn        ; lpm_dff3:inst4|lpm_ff:lpm_ff_component|dffs[4]  ; clk      ;
; N/A           ; None        ; -4.127 ns ; WriteEn        ; lpm_dff3:inst4|lpm_ff:lpm_ff_component|dffs[3]  ; clk      ;
; N/A           ; None        ; -4.127 ns ; WriteEn        ; lpm_dff3:inst4|lpm_ff:lpm_ff_component|dffs[2]  ; clk      ;
; N/A           ; None        ; -4.127 ns ; WriteEn        ; lpm_dff3:inst4|lpm_ff:lpm_ff_component|dffs[1]  ; clk      ;
; N/A           ; None        ; -4.127 ns ; WriteEn        ; lpm_dff3:inst4|lpm_ff:lpm_ff_component|dffs[0]  ; clk      ;
+---------------+-------------+-----------+----------------+-------------------------------------------------+----------+


+--------------------------+
; Timing Analyzer Messages ;
+--------------------------+
Info: *******************************************************************
Info: Running Quartus II Classic Timing Analyzer
    Info: Version 9.1 Build 222 10/21/2009 SJ Web Edition
    Info: Processing started: Wed May 06 14:18:37 2026
Info: Command: quartus_tan --read_settings_files=off --write_settings_files=off kurswork -c kurswork --timing_analysis_only
Warning: Found pins functioning as undefined clocks and/or memory enables
    Info: Assuming node "clk" is an undefined clock
Info: No valid register-to-register data paths exist for clock "clk"
Info: tsu for register "lpm_dff3:inst4|lpm_ff:lpm_ff_component|dffs[12]" (data pin = "WriteEn", clock pin = "clk") is 4.366 ns
    Info: + Longest pin to register delay is 6.771 ns
        Info: 1: + IC(0.000 ns) + CELL(0.830 ns) = 0.830 ns; Loc. = PIN_G2; Fanout = 63; PIN Node = 'WriteEn'
        Info: 2: + IC(5.195 ns) + CELL(0.746 ns) = 6.771 ns; Loc. = LCFF_X39_Y4_N1; Fanout = 1; REG Node = 'lpm_dff3:inst4|lpm_ff:lpm_ff_component|dffs[12]'
        Info: Total cell delay = 1.576 ns ( 23.28 % )
        Info: Total interconnect delay = 5.195 ns ( 76.72 % )
    Info: + Micro setup delay of destination is 0.090 ns
    Info: - Shortest clock path from clock "clk" to destination register is 2.495 ns
        Info: 1: + IC(0.000 ns) + CELL(0.854 ns) = 0.854 ns; Loc. = PIN_N20; Fanout = 1; CLK Node = 'clk'
        Info: 2: + IC(0.343 ns) + CELL(0.000 ns) = 1.197 ns; Loc. = CLKCTRL_G3; Fanout = 63; COMB Node = 'clk~clkctrl'
        Info: 3: + IC(0.680 ns) + CELL(0.618 ns) = 2.495 ns; Loc. = LCFF_X39_Y4_N1; Fanout = 1; REG Node = 'lpm_dff3:inst4|lpm_ff:lpm_ff_component|dffs[12]'
        Info: Total cell delay = 1.472 ns ( 59.00 % )
        Info: Total interconnect delay = 1.023 ns ( 41.00 % )
Info: tco from clock "clk" to destination pin "Tag_out[2]" through register "lpm_dff2:inst|lpm_ff:lpm_ff_component|dffs[2]" is 7.879 ns
    Info: + Longest clock path from clock "clk" to source register is 2.495 ns
        Info: 1: + IC(0.000 ns) + CELL(0.854 ns) = 0.854 ns; Loc. = PIN_N20; Fanout = 1; CLK Node = 'clk'
        Info: 2: + IC(0.343 ns) + CELL(0.000 ns) = 1.197 ns; Loc. = CLKCTRL_G3; Fanout = 63; COMB Node = 'clk~clkctrl'
        Info: 3: + IC(0.680 ns) + CELL(0.618 ns) = 2.495 ns; Loc. = LCFF_X33_Y23_N17; Fanout = 1; REG Node = 'lpm_dff2:inst|lpm_ff:lpm_ff_component|dffs[2]'
        Info: Total cell delay = 1.472 ns ( 59.00 % )
        Info: Total interconnect delay = 1.023 ns ( 41.00 % )
    Info: + Micro clock to output delay of source is 0.094 ns
    Info: + Longest register to pin delay is 5.290 ns
        Info: 1: + IC(0.000 ns) + CELL(0.000 ns) = 0.000 ns; Loc. = LCFF_X33_Y23_N17; Fanout = 1; REG Node = 'lpm_dff2:inst|lpm_ff:lpm_ff_component|dffs[2]'
        Info: 2: + IC(3.176 ns) + CELL(2.114 ns) = 5.290 ns; Loc. = PIN_P17; Fanout = 0; PIN Node = 'Tag_out[2]'
        Info: Total cell delay = 2.114 ns ( 39.96 % )
        Info: Total interconnect delay = 3.176 ns ( 60.04 % )
Info: th for register "lpm_dff3:inst4|lpm_ff:lpm_ff_component|dffs[2]" (data pin = "Data_in[3][2]", clock pin = "clk") is -1.808 ns
    Info: + Longest clock path from clock "clk" to destination register is 2.495 ns
        Info: 1: + IC(0.000 ns) + CELL(0.854 ns) = 0.854 ns; Loc. = PIN_N20; Fanout = 1; CLK Node = 'clk'
        Info: 2: + IC(0.343 ns) + CELL(0.000 ns) = 1.197 ns; Loc. = CLKCTRL_G3; Fanout = 63; COMB Node = 'clk~clkctrl'
        Info: 3: + IC(0.680 ns) + CELL(0.618 ns) = 2.495 ns; Loc. = LCFF_X39_Y4_N7; Fanout = 1; REG Node = 'lpm_dff3:inst4|lpm_ff:lpm_ff_component|dffs[2]'
        Info: Total cell delay = 1.472 ns ( 59.00 % )
        Info: Total interconnect delay = 1.023 ns ( 41.00 % )
    Info: + Micro hold delay of destination is 0.149 ns
    Info: - Shortest pin to register delay is 4.452 ns
        Info: 1: + IC(0.000 ns) + CELL(0.810 ns) = 0.810 ns; Loc. = PIN_T3; Fanout = 1; PIN Node = 'Data_in[3][2]'
        Info: 2: + IC(3.434 ns) + CELL(0.053 ns) = 4.297 ns; Loc. = LCCOMB_X39_Y4_N6; Fanout = 1; COMB Node = 'lpm_dff3:inst4|lpm_ff:lpm_ff_component|dffs[2]~feeder'
        Info: 3: + IC(0.000 ns) + CELL(0.155 ns) = 4.452 ns; Loc. = LCFF_X39_Y4_N7; Fanout = 1; REG Node = 'lpm_dff3:inst4|lpm_ff:lpm_ff_component|dffs[2]'
        Info: Total cell delay = 1.018 ns ( 22.87 % )
        Info: Total interconnect delay = 3.434 ns ( 77.13 % )
Info: Quartus II Classic Timing Analyzer was successful. 0 errors, 1 warning
    Info: Peak virtual memory: 88 megabytes
    Info: Processing ended: Wed May 06 14:18:38 2026
    Info: Elapsed time: 00:00:01
    Info: Total CPU time (on all processors): 00:00:00


